// Jest Snapshot v1, https://goo.gl/fbAQLP

exports[`CategoryFilter component renders correctly 1`] = `
<div>
  <div
    class="category-wrapper"
  >
    <div
      class="category-switcher"
    >
      <span
        class="left"
      >
        <svg
          aria-hidden="true"
          class="svg-inline--fa fa-filter "
          color="#6A6466"
          data-icon="filter"
          data-prefix="fas"
          focusable="false"
          role="img"
          viewBox="0 0 512 512"
          xmlns="http://www.w3.org/2000/svg"
        >
          <path
            d="M3.9 54.9C10.5 40.9 24.5 32 40 32H472c15.5 0 29.5 8.9 36.1 22.9s4.6 30.5-5.2 42.5L320 320.9V448c0 12.1-6.8 23.2-17.7 28.6s-23.8 4.3-33.5-3l-64-48c-8.1-6-12.8-15.5-12.8-25.6V320.9L9 97.3C-.7 85.4-2.8 68.8 3.9 54.9z"
            fill="currentColor"
          />
        </svg>
      </span>
      <span
        class="right"
      >
        All
      </span>
    </div>
    <span
      class="close-btn hidden"
    >
      <svg
        aria-hidden="true"
        class="svg-inline--fa fa-xmark "
        data-icon="xmark"
        data-prefix="fas"
        focusable="false"
        role="img"
        viewBox="0 0 384 512"
        xmlns="http://www.w3.org/2000/svg"
      >
        <path
          d="M342.6 150.6c12.5-12.5 12.5-32.8 0-45.3s-32.8-12.5-45.3 0L192 210.7 86.6 105.4c-12.5-12.5-32.8-12.5-45.3 0s-12.5 32.8 0 45.3L146.7 256 41.4 361.4c-12.5 12.5-12.5 32.8 0 45.3s32.8 12.5 45.3 0L192 301.3 297.4 406.6c12.5 12.5 32.8 12.5 45.3 0s12.5-32.8 0-45.3L237.3 256 342.6 150.6z"
          fill="currentColor"
        />
      </svg>
    </span>
    <ul
      class="category-filter-mobile hidden"
    >
      <li
        class="active"
      >
        All
      </li>
      <li
        class=""
      >
        Sushi
      </li>
      <li
        class=""
      >
        Soda
      </li>
    </ul>
    <ul
      class="category-filter"
    >
      <li
        class="active"
      >
        All
      </li>
      <li
        class=""
      >
        Sushi
      </li>
      <li
        class=""
      >
        Soda
      </li>
    </ul>
  </div>
</div>
`;
